
> app_tmp@0.1.0 build
> next build

  Γû▓ Next.js 14.2.15
  - Environments: .env.local, .env

   Creating an optimized production build ...
 Γ£ô Compiled successfully
   Linting and checking validity of types ...
node.exe : 
At C:\Program 
Files\nodejs\npm.ps1:29 
char:3
+   & $NODE_EXE 
$NPM_CLI_JS $args
+   ~~~~~~~~~~~~~~~~~~~~
~~~~~~~~~
    + CategoryInfo      
        : NotSpecified  
  : (:String) [], Rem   
 oteException
    + FullyQualifiedErr 
   orId : NativeComman  
  dError
 
Failed to compile.

./src/app/api/services/r
oute.ts
12:19  Error: 
Unexpected any. Specify 
a different type.  @type
script-eslint/no-explici
t-any
27:19  Error: 
Unexpected any. Specify 
a different type.  @type
script-eslint/no-explici
t-any

./src/lib/auth.ts
19:12  Error: 'error' 
is defined but never 
used.  @typescript-eslin
t/no-unused-vars

info  - Need to disable 
some ESLint rules? 
Learn more here: https:/
/nextjs.org/docs/basic-f
eatures/eslint#disabling
-rules
